============================= test session starts ==============================
platform linux -- Python 3.11.16, pytest-8.4.2, pluggy-1.6.0
rootdir: /home/hermes/projects/ib-261-schedule-button
configfile: pyproject.toml
plugins: asyncio-1.4.0, anyio-4.15.1
asyncio: mode=Mode.STRICT, debug=False, asyncio_default_fixture_loop_scope=None, asyncio_default_test_loop_scope=function
collected 6 items

tests/test_async_lifecycle.py ......                                     [100%]

============================== 6 passed in 0.63s ===============================
